// Jest Snapshot v1, https://goo.gl/fbAQLP

exports[`Storyshots Button Default 1`] = `
<button
  className="sc-bczRLJ bshnOH"
>
  Click here
</button>
`;
